3os.org
acclaimedvideogames.com
adbappcontrol.com
adobedtm.com
ajay.app
alterportal.net
amazon.com
amazonaws.com
aniliberty.top
archlinux.org
armbian.com
armbian.de
artixlinux.org
artstation.com
beamng.com
beatmods.com
beatsaver.com
bitbucket.org
bitru.org
britishcouncil.org
bsmanager.io
capcut.com
capcutapi.com
capcutstatic.com
capcutvod.com
cdn-lfs-eu-1.hf.co
cdn-lfs-us-1.hf.co
cdn-lfs.hf.co
cdn-lfs.huggingface.co
cdn-service.space
cdn.embedly.com
cdn.polyhaven.com
cdn.web-global.fds.api.mi-img.com
cdnjs.com
check-host.net
clashverge.dev
clerk.com
clerk.dev
clickup-attachments.com
cloudflare.com
cloudflarestatus.com
cloudfront.net
cloudns.net
clubtv.pro
cochrane.org
coderabbit.ai
convertunits.com
crdroid.net
curseforge.com
customfw.xyz
demdex.net
desec.io
dev.to
digitalocean.com
discogs.com
discourse-cdn.com
dockhand.pro
dodopayments.com
dosvid.tk
drpool.io
ds-servers.com
dvprogram.state.gov
eaaccounts.akamaized.net
easysimplesolution.net
edx.org
elsevier.com
elsevier.com.cdn.cloudflare.net
ezgif.com
fandom.com
fedoraproject.org
feeds.feedburner.com
filmix.my
flathub.org
flclash.cc
forum.syncthing.net
fosshub.com
fossorial.io
friendlyelec.com
fwupd.org
galaxy.ansible.com
geekbench.com
gnome.org
go-mpulse.net
gopro.com
grafana.net
heavyfetish.com
helpdesk-static.com
helpdesk.com
heltec.org
hetzner.cloud
hetzner.com
hostero.eu
hosthatch.com
howtogeek.com
htx.com
huggingface.co
imagedelivery.net
imazing.com
imgbb.com
imigo.ai
inoreader.com
iot334.com
ipinfo.app
ixxx.com
izzysoft.de
jellyfin.org
jinxxy.com
joeysretrohandhelds.com
karing.app
kde.org
kyoceradocumentsolutions.com
lenso.ai
libria.fun
lifeforge.dev
linuxserver.io
litellm.ai
livechat.com
livechatinc.com
llhost.eu
localsend.org
luadns.com
magicalchemy.org
manjaro.org
maximoff.su
mdpi.com
mediafilez.forgecdn.net
memepedia.ru
meshtastic.org
mirror.chaotic.cx
monochrome.tf
music.apple.com
netbird.io
nextcloud.com
nextdirect.com
nexusmods.com
nintendo.com
nixos.org
nuxt.com
nvidia.com
ocbase.com
one.one.one.one
opencode.ai
openrailwaymap.org
opensubtitles.org
opentext.com
openwrt.org
ovh.ie
ovhcloud.com
pantone.com
pastebin.com
patterns.dev
pinata.cloud
pinia-colada.esm.dev
pinterest.com
plantuml.com
porkbun.com
pplx-res.cloudinary.com
protondb.com
pstatic.net
pstmn.io
pypi.org
qualtrics.com
reddit.com
redux.js.org
resizing.flixster.com
rosepinetheme.com
rottentomatoes.com
rulet.tv
russianfood.com
sb-cd.com
scira.ai
shara-mail.com
silabs.com
sing-box.sagernet.org
skillsforall.com
smods.ru
snikket.org
spankbang.com
static.wixstatic.com
steamos.cloud
storybook.js.org
strapi.io
stripe.com
stripecdn.com
succurity.com
sxyprn.com
sxyprn.net
tailwind-variants.org
techlab-cdn.com
tefl.org
text.com
thelancet.com
tiny.cloud
tremendous.com
trueachievements.com
tunemymusic.com
tuya-inc.cn
tuya.com
tuyaaf.com
tuyacn.com
tuyaeu.com
tuyain.com
tuyaus.com
ubuntu-touch.io
use.typekit.net
userbenchmark.com
utils.docs.rw
vecpea.com
vod.streamgum.com
vrchat.cloud
vrchat.com
wayground.com
wbinsights.com
windowsupdate.com
wwnd.space
xda-developers.com
xdaforums.com
xraycore.org
yarnpkg.com
youngliving.com
zerotier.com
