.ua
10minutemail.com
1337x.to
24.kg
3os.org
4freerussia.org
4pna.com
5sim.net
7dniv.rv.ua
7tv.app
7tv.io
9tv.co.il
abook-club.ru
academy.terrasoft.ua
acclaimedvideogames.com
activatica.org
adbappcontrol.com
adguard-vpn.com
adguard.com
adminforge.de
adobedtm.com
ads-twitter.com
adultmult.tv
agents.media
ahrefs.com
ai.google.dev
aida.googleapis.com
aisandbox-pa.googleapis.com
aistudio.google.com
ajay.app
allawnos.com
allegro.pl
alterportal.net
amazon.com
amazonaws.com
amdm.ru
amedia.site
amnezia.org
amx.com
android.clients.google.com
anidub.com
anilib.me
aniliberty.top
anilibria.org
anilibria.tv
anilibria.uno
anilibria.wtf
animaunt.org
anime-portal.su
animebest.org
animedia.tv
animego.org
animespirit.ru
anistar.org
anistars.ru
annas-archive.org
anthropic.com
antigravity-pa.googleapis.com
antigravity-unleash.goog
antigravity.google
antigravity.googleapis.com
any.do
aol.com
api.service-kp.com
api.theins.info
apkmirror.com
arbat.media
archive.ph
archiveofourown.org
archlinux.org
armbian.com
armbian.de
artixlinux.org
artstation.com
as6723.net
atn.ua
attachments.f95zone.to
atv4.dnskp.cc
audiobookbay.lu
avira.com
azathabar.com
azattyq.org
babepedia.com
babook.org
baginya.org
baikal-journal.ru
bard.google.com
bato.to
bbc.co.uk
bbc.com
bbci.co.uk
bcbits.com
beacons.gvt2.com
beamng.com
beatmods.com
beatsaver.com
bellingcat.com
bestchange.ru
bihus.info
bitbucket.org
bitru.org
bitvise.com
blackhatworld.com
blackseanews.net
bluehost.com
booktracker.org
boominfo.org
booth.pm
booth.pximg.net
botnadzor.org
britishcouncil.org
bsmanager.io
bt4gprx.com
btdig.com
bufferbloat.net
byteoversea.com
callfilter.app
capcut.com
capcutapi.com
capcutstatic.com
capcutvod.com
carnegieendowment.org
cbilling.eu
cbilling.vip
cdn-lfs-eu-1.hf.co
cdn-lfs-us-1.hf.co
cdn-lfs.hf.co
cdn-lfs.huggingface.co
cdn-service.space
cdn-telegram.org
cdn.embedly.com
cdn.polyhaven.com
cdn.web-global.fds.api.mi-img.com
cdnbunny.org
cdninstagram.com
cdnjs.com
censor.net
censortracker.org
charhub.io
chatgpt.com
chaturbate.com
check-host.net
cherta.media
chess.com
chesscomfiles.com
chub.ai
circlecrewpinkcrowd.com
clashverge.dev
claude.ai
claude.com
clerk.com
clerk.dev
clickup-attachments.com
clients6.google.com
cloudflare.com
cloudflarestatus.com
cloudflarestorage.com
cloudfront.net
cloudns.net
cloudtorrents.com
clubtv.pro
cms-twdigitalassets.com
cnd2exp.online
cochrane.org
cock.li
codelinaro.org
coderabbit.ai
coinpayments.net
coinsbee.com
coldfilm.city
coldfilm.ink
coldfilm.xyz
colta.ru
comments.app
connectivitycheck.gstatic.com
consensus.app
contest.com
convertunits.com
coomer.su
coursera.org
crdroid.net
croxyproxy.com
csskor.ill.in.ua
cub.red
currenttime.tv
curseforge.com
cursor-cdn.com
cursor.sh
cursorapi.com
cursorinfo.co.il
customfw.xyz
cyberghostvpn.com
cyxymu.info
d4c.nintendo.net
dailylviv.com
danbooru.donmai.us
deckbrew.xyz
decrypt.day
deepmind.com
deepmind.google
deepstatemap.live
delfi.lt
delfi.lv
delivery.2d.net.co
demdex.net
depositphotos.com
desec.io
designify.com
dev.to
deviantart.com
digash.live
digikey.com
digitalocean.com
dis.gd
discogs.com
discord-activities.com
discord-attachments-uploads-prd.storage.googleapis.com
discord.co
discord.com
discord.design
discord.dev
discord.gg
discord.gift
discord.gifts
discord.media
discord.new
discord.store
discord.tools
discordactivities.com
discordapp.com
discordapp.io
discordapp.net
discordapp.page.link
discordcdn.com
discordmerch.com
discordpartygames.com
discordsays.com
discordstatus.com
discours.io
discourse-cdn.com
dockhand.pro
dodopayments.com
dorama.live
doramalive.ru
doramy.club
dosvid.tk
dovod.online
doxa.team
dpidetector.org
dragons.nintendo.net
dreamhost.com
drpool.io
ds-servers.com
dub.sh
dumka.media
dvprogram.state.gov
dw.com
e-hentai.org
e621.net
eaaccounts.akamaized.net
easysimplesolution.net
echofm.online
edu-cisco.org
edx.org
ef.com
ef.edu
eggertspiele.de
ej.ru
ekhokavkaza.com
element14.com
elements.envato.com
elsevier.com
elsevier.com.cdn.cloudflare.net
epidemz.net.co
eporner.com
eshop.nintendo.net
espreso.tv
etahub.com
euronews.com
europesays.com
euroradio.fm
eutrp.eu
everand.com
exler.es
expres.online
ezgif.com
f95-zone.to
facebook.com
facebook.net
fandom.com
fansly.com
fapello.com
fast-torrent.club
fastpic.org
fb.com
fbcdn.net
fbsbx.com
fedoraproject.org
feeds.feedburner.com
ficbook.net
figshare.com
filmitorrent.net
filmix.ac
filmix.biz
filmix.day
filmix.fan
filmix.fm
filmix.la
filmix.my
firebaseinstallations.googleapis.com
flathub.org
flclash.cc
flibusta.is
flibusta.net
flipboard.com
flisland.net
fls.guru
fn-volga.ru
fonge.org
forklog.com
fortanga.org
forum.ru-board.com
forum.syncthing.net
fosshub.com
fossorial.io
foxnews.com
fragment.com
framer.app
framercanvas.com
framercdn.com
framerstatic.com
framerusercontent.com
freedomletters.org
freemedia.io
freeones.com
friendlyelec.com
fwupd.org
gagadget.com
galaxy.ansible.com
gamedistribution.com
gamesrepack.com
gbatemp.net
geekbench.com
gelbooru.com
geller-pa.googleapis.com
gemini.google
gemini.google.com
generativeai.google
generativelanguage.googleapis.com
germania.one
getoutline.org
ggpht.com
gifyu.com
git.new
gitlab.com
gizmochina.com
glavred.info
glavred.net
gnome.org
go-mpulse.net
godaddy.com
gofile.io
golosameriki.com
gonitro.com
goodreads.com
googleplay.com
googlevideo.com
gopro.com
gr-assets.com
grafana.net
grani.ru
graph.org
graty.me
grok.com
gulagu.net
gvt1.com
hackernoon.com
hackmd.io
halooglasi.com
hammerandchisel.ssl.zendesk.com
hangouts.googleapis.com
hd-rezka.tv
hdkinoteatr.com
hdrezka.ac
hdrezka.ag
hdrezka.app
hdrezka.me
hdrezka.tech
hdrezka.tv
hdrzk.org
hdstudio.org
heavyfetish.com
helpdesk-static.com
helpdesk.com
heltec.org
hentai-foundry.com
hetzner.cloud
hetzner.com
higgsfield.ai
hitomi.la
holod.media
hostero.eu
hostgator.com
hosthatch.com
howtogeek.com
hqporner.com
hromadske.ua
hs.fi
htx.com
huggingface.co
i.sakh.com
ibytedtos.com
idelreal.org
iditelesombase.org
idolcomplex.com
iedb.org
ig.me
ign.com
iichan.hk
ilook.tv
imagedelivery.net
imazing.com
imgbb.com
imigo.ai
important-stories.com
incy.cc
indiehackers.com
infineon.com
inoreader.com
insearch.site
instagram.com
interactivebrokers.co.uk
interfax.com.ua
internalfb.com
ionos.com
iot334.com
ipinfo.app
iptv.online
irc-ws.chat.twitch.tv
is.fi
istories.media
itch.io
itsmycity.ru
ixxx.com
izzysoft.de
jellyfin.org
jetbrains.team
jinxxy.com
jnn-pa.googleapis.com
joeysretrohandhelds.com
jskor.ill.in.ua
jules.google
jules.google.com
jut-su.net
jut.su
jw-russia.org
jw.org
kaktus.media
kamatera.com
kara.su
karing.app
kasparov.ru
kavkaz-uzel.eu
kavkazr.com
kde.org
kemono.su
kilo.ai
kilocode.ai
kino.pub
kinogo.ec
kinogo.uk
kinopub.me
kinovod.net
kinozal.guru
kinozal.me
kinozal.tv
kinozaltv.life
knews.kg
knowyourmeme.com
kolsar.org
kor.ill.in.ua
korrespondent.net
kovcheg.live
krymr.com
kupujemprodajem.com
kym-cdn.com
kyoceradocumentsolutions.com
labs.google
lamcdn.net
lantern.io
le-production.tv
leafletjs.com
lenso.ai
lh3.googleusercontent.com
lib.rus.ec
libgen.li
libria.fun
licdn.com
lifeforge.dev
liga.net
linear.app
lingq.com
linkedin.com
linktr.ee
linuxserver.io
litellm.ai
livechat.com
livechatinc.com
livetv.sx
liveuamap.com
llhost.eu
locals.md
localsend.org
lolz.guru
lostfilm.download
lostfilm.tv
lostfilm.tw
lostfilm.uno
lostfilmtv2.site
lowendtalk.com
lu4.org
luadns.com
lucid.app
magaz.global
magicalchemy.org
mail-api.proton.me
mailfence.com
mailo.com
make.com
makersuite.google.com
malwarebytes.com
manga-chan.me
mangadex.org
mangahub.ru
mangapark.net
manjaro.org
manyvids.com
mashable.com
maximoff.su
mbk-news.appspot.com
mdpi.com
media5.cdnbase.com
mediafilez.forgecdn.net
mediazona.ca
medium.com
meduza.io
meet.google.com
meetings.clients6.google.com
meetings.googleapis.com
mega.nz
megapeer.ru
megapeer.vip
memepedia.ru
merezha.co
meshtastic.org
meta.com
metacritic.com
metal-archives.com
metla.press
mezha.net
mignews.com
mirror.chaotic.cx
mmcdn.com
modrinth.com
monochrome.tf
monolisa.dev
more.fm
moscowtimes.ru
mullvad.net
multporn.net
muscdn.com
music.apple.com
musical.ly
musicbrainz.org
musixmatch.com
mw2.wiki
myanimelist.net
mydoramy.club
navalny.com
neformat.com.ua
netbird.io
networksolutions.com
news.google.com
newsru.co.il
newsru.com
newtimes.ru
nextcloud.com
nextdirect.com
nexusmods.com
nhentai.com
nhentai.net
nhl.com
nih.gov
nintendo.com
nippon.com
nixos.org
nnmclub.to
nnmstatic.win
notebooklm.google
notebooklm.google.com
notepad-plus-plus.org
novaline.fm
novaya.no
novayagazeta.eu
novayagazeta.ru
novyny.live
ntc.party
nude-moon.org
nuxt.com
nvidia.com
oaiusercontent.com
obozrevatel.com
ocbase.com
oculus.com
ohmyswift.ru
oi.legal
okx.com
olx.ua
omv-extras.org
one.one.one.one
onlinesim.io
openai.com
opencode.ai
openmedia.io
openrailwaymap.org
opensanctions.org
opensea.io
opensubtitles.org
opentext.com
opentrackr.org
openwrt.org
opintopolku.fi
opposition-news.com
ovd.info
ovd.legal
ovd.news
ovdinfo.org
ovh.ie
ovhcloud.com
ozodi.org
pages.dev
pantone.com
pap.pl
paperpaper.io
paperpaper.ru
pastebin.com
patreon.com
patreonusercontent.com
patriot.dp.ua
patterns.dev
paywithmoon.com
pb.wtf
pdfcoffee.com
periscope.tv
phncdn.com
phncdn.com.sds.rncdn7.com
pimpletv.ru
pinata.cloud
ping-admin.com
pinia-colada.esm.dev
pinterest.com
piratbit.top
pixabay.com
pixiv.net
plantuml.com
play-fe.googleapis.com
play-games.googleusercontent.com
play-lh.googleusercontent.com
play.google.com
play.googleapis.com
playboy.com
polit.ru
politico.eu
politiken.dk
polymarket.com
porkbun.com
pornhub.com
pornhub.org
pornolab.net
portal.lviv.ua
posle.media
postimees.ee
pplx-res.cloudinary.com
pravda.com
pravda.com.ua
primevue.org
privatekeys.pw
prnt.sc
proactivebackend-pa.googleapis.com
procustodibus.com
prod-lt-playstoregatewayadapter-pa.googleapis.com
proekt.media
pronouns.page
prosleduetmedia.com
prostovpn.org
proton.me
protondb.com
protonvpn.com
provereno.media
pscp.tv
psiphon.ca
pstatic.net
pstmn.io
pusher.com
pvpessence.com
pypi.org
qobuz.com
qualtrics.com
quiz.directory
quora.com
quora.com.cdn.cloudflare.net
r4.err.ee
radiojar.com
radiosakharov.org
radiosvoboda.org
rbc.ua
rbxcdn.com
rbxinfra.net
realbooru.com
realist.online
reddit.com
reddxxx.com
redgifs.com
redshieldvpn.com
redux.js.org
refactoring.guru
render-state.to
rentry.co
rentry.org
republic.ru
resizing.flixster.com
restream.io
returnyoutubedislikeapi.com
rezka-ua.in
rezka.ag
rezka.cc
rezka.fi
rezka.land
rezka.my
rezka.tv
rezkify.com
rezonans.media
rf.dobrochan.net
rferl.org
rima.media
riperam.org
riseup.net
roar-review.com
robinfrontend-pa.googleapis.com
roblox.com
robloxdev.com
root-nation.com
rosepinetheme.com
roskomsvoboda.org
rottentomatoes.com
rublacklist.net
rule34.art
rule34.us
rule34.xxx
rulet.tv
rus.delfi.ee
rus.jauns.lv
ruscryde.net
russianfood.com
rustorka.com
rutor.info
rutor.is
rutor.org
rutracker.cc
rutracker.net
rutracker.org
rutracker.wiki
sakhalin.info
sakharovfoundation.org
sankakuapi.com
sankakucomplex.com
sankakustatic.com
sap.com
saverudata.net
sb-cd.com
sbox.game
sci-hub.se
sci-hub.st
scira.ai
scribd.com
scrollrevealjs.org
scryde.io
scryde.net
scryde.ru
scryde.world
scryde1.net
scryde10.net
scryde11.net
scryde12.net
scryde2.net
scryde3.net
scryde4.net
scryde5.net
scryde6.net
scryde7.net
scryde8.net
scryde9.net
searchfloor.org
seasonvar.ru
selezen.org
semnasem.org
seriesgraph.com
severreal.org
shara-mail.com
sharefile.com
sharefile.io
shikimori.me
shikimori.one
shiza-project.com
showip.net
sibreal.org
signal.org
sigsauer.com
silabs.com
simplex.chat
simplex.im
simplix.info
sing-box.sagernet.org
skat.media
skiff.com
skillsforall.com
skladchik.com
sklatchiki.ru
slashlib.me
slavicsac.com
slifki.biz
smods.ru
sms-activate.io
sndcdn.com
snikket.org
sobesednik.com
sophos.com
sora.com
sotaproject.com
soundcloud.cloud
soundcloud.com
sovetromantica.com
spankbang.com
speechs3proto2-pa.googleapis.com
speedtest.net
spektr.press
spiegel.de
spreadthesign.com
sputnikipogrom.com
squietpc.com
srv.nintendo.net
startmail.com
startpage.com
static.lostfilm.top
static.wixstatic.com
statology.org
steamos.cloud
steamstat.info
stitch.withgoogle.com
storybook.js.org
strana.news
strana.today
strapi.io
stream.meet.google.com
stripe.com
stripecdn.com
studyinfinland.fi
succurity.com
supersliv.biz
surfshark.com
suspilne.media
svidomi.in.ua
svoboda.org
svoi.kr.ua
svtv.org
swissinfo.ch
switchroot.org
sxyprn.com
sxyprn.net
syslog-ng.com
t-invariant.org
t.co
t.me
tailwind-variants.org
tayga.info
tdesktop.com
te-st.org
techlab-cdn.com
tefl.org
telega.one
telegra.ph
telegraf.by
telegraf.news
telegram-cdn.org
telegram.dog
telegram.me
telegram.org
telegram.space
telegraph.co.uk
telesco.pe
tellapart.com
temu.com
text.com
tg.dev
the-village.ru
thebarentsobserver.com
thebell.io
theins.press
theins.ru
thelancet.com
themoscowtimes.com
thepiratebay.org
theporndude.com
thetruestory.news
thetvdb.com
threads.com
threads.net
threema.ch
tik-tokapi.com
tiktok.com
tiktokcdn-eu.com
tiktokcdn-us.com
tiktokcdn.com
tiktokd.net
tiktokd.org
tiktokv.com
tiktokv.eu
tiktokv.us
tiktokw.us
tiny.cloud
tiptop-vpn.com
ton.org
torproject.org
torrentgalaxy.to
transistor.fm
trellix.com
tremendous.com
trueachievements.com
trueblackmetalradio.com
ttwstatic.com
tunemymusic.com
turbobit.net
tuta.com
tuta.io
tuya-inc.cn
tuya.com
tuyaaf.com
tuyacn.com
tuyaeu.com
tuyain.com
tuyaus.com
tvdevinfo.com
tvfreedom.io
tvrain.ru
tvrain.tv
tweetdeck.com
twimg.com
twin.me
twinlife-systems.com
twinme.com
twirpx.com
twitpic.com
twitter.biz
twitter.com
twitter.jp
twittercommunity.com
twitterflightschool.com
twitterinc.com
twitteroauth.com
twitterstat.us
twtrdns.net
twttr.com
twttr.net
twvid.com
tx.me
ubuntu-touch.io
ui.ill.in.ua
ukdevilz.com
ukr.net
ukr.radio
ukrainer.net
ukrinform.net
ukrtelcdn.net
unian.ua
unsplash.com
urlr.me
usa.one
usatoday.com
use.typekit.net
userbenchmark.com
usercontent.dev
utils.docs.rw
vecpea.com
verstka.media
vesma.one
vesma.today
vesty.co.il
viber.com
vice.com
vine.co
vipergirls.to
visualcapitalist.com
vivo.com.cn
vndb.org
voanews.com
vod.streamgum.com
voidboost.cc
vot-tak.tv
vpngate.net
vpngen.org
vpnjantit.com
vpnlove.me
vpnpay.io
vrchat.cloud
vrchat.com
wa.me
walletbot.me
wayground.com
wbinsights.com
wdfiles.com
webmd.com
webtoons.com
welt.de
whatsapp.biz
whatsapp.com
whatsapp.net
whoer.net
wide-youtube.l.google.com
wiki.fextralife.com
wilsoncenter.org
windows10spotlight.com
windowsupdate.com
wonderzine.com
wwnd.space
x.ai
x.com
xda-developers.com
xdaforums.com
xhamster.com
xhamsterlive.com
xhcdn.com
xnxx-cdn.com
xnxx-ru.com
xnxx.com
xnxx.net
xnxx.tv
xnxx3.com
xraycore.org
xv-ru.com
xvideos-cdn.com
xvideos.com
yande.re
yarnpkg.com
yle.fi
youngliving.com
youtu.be
youtube-nocookie.com
youtube-ui.l.google.com
youtube.com
youtubeembeddedplayer.googleapis.com
youtubei.googleapis.com
youtubekids.com
yt-video-upload.l.google.com
yt.be
yt3.googleusercontent.com
ytimg.com
ytimg.l.google.com
yting.com
yummyani.me
zahav.ru
zaxid.net
zbigz.com
zendesk.com
zerkalo.io
zerossl.com
zerotier.com
zona.media
